[www.thewayfarersbook.com/index.html]
[backblue.gif]
[fade.gif]
[index.html]
[www.moonshineandminibuses.com/wp-includes/js/jquery/jquery.minf43b.js]
[www.moonshineandminibuses.com/wp-includes/js/jquery/jquery-migrate.min5589.js]
[www.moonshineandminibuses.com/wp-content/uploads/2020/06/cropped-Blog-Header.png]
[i0.wp.com/www.moonshineandminibuses.com/wp-content/uploads/2023/09/IMG_20201029_000530_4041391.jpg]
[i0.wp.com/www.moonshineandminibuses.com/wp-content/uploads/2023/09/photo_5408909941332364981_yfe95.jpg]
[i0.wp.com/www.moonshineandminibuses.com/wp-content/uploads/2020/11/What-To-Do-in-Bukovel-Ukraine-_-Snowscape-scaledfe95.jpg]
[i0.wp.com/www.moonshineandminibuses.com/wp-content/uploads/2020/11/5-Year-Expat-_-Aviation-Museum-Kyiv-Ukraine-scaledfe95.jpg]
[i0.wp.com/www.moonshineandminibuses.com/wp-content/uploads/2020/09/Ukraines-Pink-Lake-Henichesk-_-Selfie-at-the-Pink-Lake-Ukraine-scaledfe95.jpg]
[i0.wp.com/www.moonshineandminibuses.com/wp-content/uploads/2020/08/Southern-Ukraine-Itinerary-_-Kinburn-Spit-scaledfe95.jpg]
[i0.wp.com/www.moonshineandminibuses.com/wp-content/uploads/2020/06/Things-to-Do-in-Western-Ukraine-_-Tunnel-of-Love-Ukrainefe95.jpg]
[i0.wp.com/www.moonshineandminibuses.com/wp-content/uploads/2020/05/Unique-Ukraine-Hotels-_Citadel-Inn-Lvivfe95.jpg]
[i0.wp.com/www.moonshineandminibuses.com/wp-content/uploads/2020/05/Dont-Teach-English-to-Travel-_-Teach-in-Moscowfe95.jpg]
[i0.wp.com/www.moonshineandminibuses.com/wp-content/uploads/2020/05/Kyiv-Expat-Life-April-2020fe95.jpg]
[i0.wp.com/www.moonshineandminibuses.com/wp-content/uploads/2020/05/Moving-Back-to-Kyiv-_-Sunset-Boatfe95.jpg]
[connect.facebook.net/en_US/sdk.js]
[www.moonshineandminibuses.com/wp-includes/js/jquery/ui/core.minb37e.js]
[www.moonshineandminibuses.com/wp-content/plugins/ultimate-social-media-icons/js/shuffle/modernizr.custom.mind1c0.js]
[www.moonshineandminibuses.com/wp-content/plugins/ultimate-social-media-icons/js/shuffle/jquery.shuffle.mind1c0.js]
[www.moonshineandminibuses.com/wp-content/plugins/ultimate-social-media-icons/js/shuffle/random-shuffle-mind1c0.js]
[www.moonshineandminibuses.com/wp-content/plugins/ultimate-social-media-icons/js/customf0c3.js]
[www.moonshineandminibuses.com/wp-content/themes/bard/assets/js/custom-pluginsd1c0.js]
[www.moonshineandminibuses.com/wp-content/themes/bard/assets/js/custom-scriptsd1c0.js]
[www.thewayfarersbook.com/index.html]
[www.moonshineandminibuses.com/wp-includes/css/dist/block-library/style.mind1c0.css]
[stats.wp.com/e-202512.js]
[www.moonshineandminibuses.com/wp-includes/js/mediaelement/mediaelementplayer-legacy.min1f61.css]
[www.moonshineandminibuses.com/wp-includes/js/mediaelement/wp-mediaelement.mind1c0.css]
[www.moonshineandminibuses.com/wp-content/plugins/ultimate-social-media-icons/css/fonts/helvetica_bold_0-webfont.eot]
[www.moonshineandminibuses.com/wp-content/plugins/ultimate-social-media-icons/css/fonts/helvetica_bold_0-webfontd41d.eot]
[www.moonshineandminibuses.com/wp-content/plugins/ultimate-social-media-icons/css/fonts/helvetica_bold_0-webfont.woff]
[www.moonshineandminibuses.com/wp-content/plugins/ultimate-social-media-icons/css/fonts/helvetica_bold_0-webfont.ttf]
[www.moonshineandminibuses.com/wp-content/plugins/ultimate-social-media-icons/css/fonts/helvetica_0-webfont.eot]
[www.moonshineandminibuses.com/wp-content/plugins/ultimate-social-media-icons/css/fonts/helvetica_0-webfontd41d.eot]
[www.moonshineandminibuses.com/wp-content/plugins/ultimate-social-media-icons/css/fonts/helvetica_0-webfont.woff]
[www.moonshineandminibuses.com/wp-content/plugins/ultimate-social-media-icons/css/fonts/helvetica_0-webfont.ttf]
[www.moonshineandminibuses.com/wp-content/plugins/ultimate-social-media-icons/css/fonts/helveticaneue-light.eot]
[www.moonshineandminibuses.com/wp-content/plugins/ultimate-social-media-icons/css/fonts/helveticaneue-lightd41d.eot]
[www.moonshineandminibuses.com/wp-content/plugins/ultimate-social-media-icons/css/fonts/helveticaneue-light.woff]
[www.moonshineandminibuses.com/wp-content/plugins/ultimate-social-media-icons/css/fonts/helveticaneue-light.ttf]
[www.moonshineandminibuses.com/wp-content/plugins/ultimate-social-media-icons/images/count_bg.png]
[www.moonshineandminibuses.com/wp-content/plugins/ultimate-social-media-icons/images/check_bg.jpg]
[www.moonshineandminibuses.com/wp-content/plugins/ultimate-social-media-icons/images/radio_bg.png]
[www.moonshineandminibuses.com/wp-content/plugins/ultimate-social-media-icons/images/select_bg.jpg]
[www.moonshineandminibuses.com/wp-content/plugins/ultimate-social-media-icons/images/count_bg.jpg]
[www.moonshineandminibuses.com/wp-content/plugins/ultimate-social-media-icons/images/select_bg1.jpg]
[www.moonshineandminibuses.com/wp-content/plugins/ultimate-social-media-icons/images/tab_3_list_bg.jpg]
[www.moonshineandminibuses.com/wp-content/plugins/ultimate-social-media-icons/images/ajax-loader.gif]
[www.moonshineandminibuses.com/wp-content/plugins/ultimate-social-media-icons/images/bot_tip_icn.png]
[www.moonshineandminibuses.com/wp-content/plugins/ultimate-social-media-icons/css/images/count_top_arow.png]
[www.moonshineandminibuses.com/wp-content/plugins/ultimate-social-media-icons/css/images/count_left_arow.png]
[www.moonshineandminibuses.com/wp-content/plugins/ultimate-social-media-icons/css/sfsi-stylef0c3.css]
[www.moonshineandminibuses.com/wp-content/themes/bard/style4279.css]
[www.moonshineandminibuses.com/wp-content/themes/bard/assets/css/fontellod1c0.css]
[www.moonshineandminibuses.com/wp-content/themes/bard/assets/css/slickd1c0.css]
[www.moonshineandminibuses.com/wp-content/themes/bard/assets/css/perfect-scrollbard1c0.css]
[www.moonshineandminibuses.com/wp-content/themes/bard/assets/css/woocommerced1c0.css]
[www.moonshineandminibuses.com/wp-content/themes/bard/assets/css/responsived1c0.css]
[connect.facebook.net/en_US/sdk.js]
[www.moonshineandminibuses.com/wp-includes/js/mediaelement/mejs-controls.svg]
[www.moonshineandminibuses.com/wp-content/plugins/ultimate-social-media-icons/css/fonts/helvetica_bold_0-webfont.svg]
[www.moonshineandminibuses.com/wp-content/plugins/ultimate-social-media-icons/css/fonts/helvetica_0-webfont.svg]
[www.moonshineandminibuses.com/wp-content/plugins/ultimate-social-media-icons/css/fonts/helveticaneue-light.svg]
